// Jest Snapshot v1, https://goo.gl/fbAQLP

exports[`Counter is rendered 1`] = `
<div
  className="wrapper"
>
  <div>
    2
  </div>
  <div>
    <button
      onClick={[Function]}
    >
      +
    </button>
    <button
      onClick={[Function]}
    >
      -
    </button>
  </div>
</div>
`;
